// Jest Snapshot v1, https://goo.gl/fbAQLP

exports[`colorScheme convertToIdea should convert the theme 1`] = `
"<?xml version='1.0'?>
<scheme name='matter' version='1.0.0' parent_scheme='Darcula'>
    <metaInfo>
        <property name='created'>2020-08-10T13:26:54.849Z</property>
        <property name='ide'>idea</property>
        <property name='ideVersion'>2019.1.0.0</property>
    </metaInfo>
    <colors>
        <option name='ADDED_LINES_COLOR'>267fb5</option>
        <option name='ANNOTATIONS_COLOR'>effbff</option>
        <option name='CARET_COLOR'>effbff</option>
        <option name='CONSOLE_BACKGROUND_KEY'>0e1016</option>
        <option name='DELETED_LINES_COLOR'>516a88</option>
        <option name='DIFF_SEPARATORS_BACKGROUND'>0e1016</option>
        <option name='DOCUMENTATION_COLOR'>516a88</option>
        <option name='ERROR_HINT'>95CC5E</option>
        <option name='FILESTATUS_ADDED'>267fb5</option>
        <option name='FILESTATUS_COPIED'>7a9bc2</option>
        <option name='FILESTATUS_DELETED'>516a88</option>
        <option name='FILESTATUS_IDEA_FILESTATUS_DELETED_FROM_FILE_SYSTEM'>516a88</option>
        <option name='FILESTATUS_IDEA_FILESTATUS_IGNORED'>8892a0</option>
        <option name='FILESTATUS_MERGED'>7a9bc2</option>
        <option name='FILESTATUS_MODIFIED'>7a9bc2</option>
        <option name='FILESTATUS_RENAMED'>7a9bc2</option>
        <option name='FILESTATUS_UNKNOWN'>8892a0</option>
        <option name='FILESTATUS_ADDEDOUTSIDE'>267fb5</option>
        <option name='FOLDED_TEXT_BORDER_COLOR'>7E8C99</option>
        <option name='GUTTER_BACKGROUND'>14191f</option>
        <option name='INDENT_GUIDE'>67769640</option>
        <option name='INFORMATION_HINT'>516a88</option>
        <option name='LINE_NUMBERS_COLOR'>67769660</option>
        <option name='LINE_NUMBER_ON_CARET_ROW_COLOR'>67769660</option>
        <option name='METHOD_SEPARATORS_COLOR'>e6e6e6</option>
        <option name='MODIFIED_LINES_COLOR'>7a9bc2</option>
        <option name='NOTIFICATION_BACKGROUND'>0c0e13</option>
        <option name='QUESTION_HINT'>516a88</option>
        <option name='RECENT_LOCATIONS_SELECTION'>516a88</option>
        <option name='RECURSIVE_CALL_ATTRIBUTES'>516a88</option>
        <option name='RIGHT_MARGIN_COLOR'>516a88</option>
        <option name='SELECTED_INDENT_GUIDE'>67769630</option>
        <option name='SELECTED_TEARLINE_COLOR'>67769630</option>
        <option name='SEPARATOR_BELOW_COLOR'>67769640</option>
        <option name='SOFT_WRAP_SIGN_COLOR'>67769640</option>
        <option name='TEARLINE_COLOR'>e6e6e6</option>
        <option name='VCS_ANNOTATIONS_COLOR_1'/>
        <option name='VCS_ANNOTATIONS_COLOR_2'>7a9bc2</option>
        <option name='VCS_ANNOTATIONS_COLOR_3'>516a88</option>
        <option name='VCS_ANNOTATIONS_COLOR_4'>8892a0</option>
        <option name='VCS_ANNOTATIONS_COLOR_5'>FF75B5</option>
        <option name='VISUAL_INDENT_GUIDE'>67769640</option>
        <option name='WHITESPACES_MODIFIED_LINES_COLOR'>7a9bc2</option>
        <option name='WHITESPACES'>67769640</option>
    </colors>
    <attributes>
        <option name='ANNOTATION_ATTRIBUTE_NAME_ATTRIBUTES'>
            <value>
                <option name='FOREGROUND' value=''/>
            </value>
        </option>
        <option name='ANNOTATION_NAME_ATTRIBUTES' baseAttributes='DEFAULT_METADATA'/>
        <option name='BAD_CHARACTER'>
            <value>
                <option name='EFFECT_COLOR' value='95CC5E'/>
                <option name='EFFECT_TYPE' value='2'/>
            </value>
        </option>
        <option name='BOOKMARKS_ATTRIBUTES'>
            <value>
                <option name='ERROR_STRIPE_COLOR' value='FF75B5'/>
            </value>
        </option>
        <option name='BREADCRUMBS_CURRENT'>
            <value>
                <option name='FOREGROUND' value='267fb5'/>
            </value>
        </option>
        <option name='BREADCRUMBS_DEFAULT'>
            <value>
                <option name='FOREGROUND' value='e6e6e6'/>
            </value>
        </option>
        <option name='BREADCRUMBS_HOVERED'>
            <value>
                <option name='FOREGROUND' value='dfe1e8'/>
            </value>
        </option>
        <option name='BREADCRUMBS_INACTIVE'>
            <value>
                <option name='FOREGROUND' value='e6e6e6'/>
            </value>
        </option>
        <option name='BREAKPOINT_ATTRIBUTES'>
            <value>
                <option name='BACKGROUND' value='FF75B5'/>
                <option name='ERROR_STRIPE_COLOR' value='ffffff'/>
            </value>
        </option>
        <option name='CONSOLE_BLUE_BRIGHT_OUTPUT'>
            <value>
                <option name='FOREGROUND' value='267fb5'/>
            </value>
        </option>
        <option name='CONSOLE_BLUE_OUTPUT'>
            <value>
                <option name='FOREGROUND' value='267fb5'/>
            </value>
        </option>
        <option name='CONSOLE_CYAN_BRIGHT_OUTPUT'>
            <value>
                <option name='FOREGROUND' value='6ee2ff'/>
            </value>
        </option>
        <option name='CONSOLE_CYAN_OUTPUT'>
            <value>
                <option name='FOREGROUND' value='6ee2ff'/>
            </value>
        </option>
        <option name='CONSOLE_ERROR_OUTPUT'>
            <value>
                <option name='FOREGROUND' value='95CC5E'/>
            </value>
        </option>
        <option name='CONSOLE_GREEN_BRIGHT_OUTPUT'>
            <value>
                <option name='FOREGROUND' value='95CC5E'/>
            </value>
        </option>
        <option name='CONSOLE_GREEN_OUTPUT'>
            <value>
                <option name='FOREGROUND' value='95CC5E'/>
            </value>
        </option>
        <option name='CONSOLE_MAGENTA_BRIGHT_OUTPUT'>
            <value>
                <option name='FOREGROUND' value='4cbbff'/>
            </value>
        </option>
        <option name='CONSOLE_MAGENTA_OUTPUT'>
            <value>
                <option name='FOREGROUND' value='4cbbff'/>
            </value>
        </option>
        <option name='CONSOLE_NORMAL_OUTPUT'>
            <value>
                <option name='FOREGROUND' value='effbff'/>
            </value>
        </option>
        <option name='CONSOLE_RANGE_TO_EXECUTE'>
            <value>
                <option name='EFFECT_COLOR' value='95CC5E'/>
            </value>
        </option>
        <option name='CONSOLE_RED_BRIGHT_OUTPUT'>
            <value>
                <option name='FOREGROUND' value='7a9bc2'/>
            </value>
        </option>
        <option name='CONSOLE_RED_OUTPUT'>
            <value>
                <option name='FOREGROUND' value='7a9bc2'/>
            </value>
        </option>
        <option name='CONSOLE_SYSTEM_OUTPUT'>
            <value>
                <option name='FOREGROUND' value='748aa6'/>
            </value>
        </option>
        <option name='CONSOLE_USER_INPUT'>
            <value>
                <option name='FOREGROUND' value='effbff'/>
                <option name='FONT_TYPE' value='2'/>
            </value>
        </option>
        <option name='CONSOLE_YELLOW_BRIGHT_OUTPUT'>
            <value>
                <option name='FOREGROUND' value='748aa6'/>
            </value>
        </option>
        <option name='CONSOLE_YELLOW_OUTPUT'>
            <value>
                <option name='FOREGROUND' value='748aa6'/>
            </value>
        </option>
        <option name='CSS.COLOR'>
            <value>
                <option name='FOREGROUND' value='267fb5'/>
            </value>
        </option>
        <option name='CSS.IMPORTANT' baseAttributes='DEFAULT_KEYWORD'/>
        <option name='CSS.KEYWORD'>
            <value>
                <option name='FOREGROUND' value='267fb5'/>
            </value>
        </option>
        <option name='CSS.TAG_NAME'>
            <value>
                <option name='FOREGROUND' value='8892a0'/>
            </value>
        </option>
        <option name='CSS.URL' baseAttributes='HTML_ATTRIBUTE_VALUE'/>
        <option name='CTRL_CLICKABLE'>
            <value>
                <option name='FOREGROUND' value='267fb5'/>
                <option name='EFFECT_COLOR' value='267fb5'/>
                <option name='EFFECT_TYPE' value='1'/>
            </value>
        </option>
        <option name='CUSTOM_KEYWORD1_ATTRIBUTES'>
            <value>
                <option name='FOREGROUND' value='7a9bc2'/>
            </value>
        </option>
        <option name='CUSTOM_KEYWORD2_ATTRIBUTES'>
            <value>
                <option name='FOREGROUND' value='267fb5'/>
            </value>
        </option>
        <option name='CUSTOM_KEYWORD3_ATTRIBUTES'>
            <value>
                <option name='FOREGROUND' value='7a9bc2'/>
            </value>
        </option>
        <option name='CUSTOM_KEYWORD4_ATTRIBUTES'>
            <value>
                <option name='FOREGROUND' value='4cbbff'/>
            </value>
        </option>
        <option name='CUSTOM_STRING_ATTRIBUTES' baseAttributes='DEFAULT_STRING'/>
        <option name='CUSTOM_VALID_STRING_ESCAPE_ATTRIBUTES' baseAttributes='DEFAULT_VALID_STRING_ESCAPE'/>
        <option name='DEBUGGER_INLINED_VALUES'>
            <value>
                <option name='FOREGROUND' value='516a88'/>
                <option name='FONT_TYPE' value='2'/>
            </value>
        </option>
        <option name='DEBUGGER_INLINED_VALUES_EXECUTION_LINE'>
            <value>
                <option name='FOREGROUND' value='67769630'/>
                <option name='FONT_TYPE' value='2'/>
            </value>
        </option>
        <option name='DEBUGGER_INLINED_VALUES_MODIFIED'>
            <value>
                <option name='FOREGROUND' value='7a9bc2'/>
                <option name='FONT_TYPE' value='2'/>
            </value>
        </option>
        <option name='DEFAULT_BLOCK_COMMENT'>
            <value>
                <option name='FOREGROUND' value='516a88'/>
            </value>
        </option>
        <option name='DEFAULT_CLASS_REFERENCE' baseAttributes='DEFAULT_IDENTIFIER'/>
        <option name='DEFAULT_COMMA'>
            <value>
                <option name='FOREGROUND' value='516a88'/>
                <option name='FONT_TYPE' value='1'/>
            </value>
        </option>
        <option name='DEFAULT_CONSTANT'>
            <value>
                <option name='FOREGROUND' value='4cbbff'/>
            </value>
        </option>
        <option name='DEFAULT_DOC_COMMENT'>
            <value>
                <option name='FOREGROUND' value='516a88'/>
                <option name='FONT_TYPE' value='2'/>
            </value>
        </option>
        <option name='DEFAULT_DOC_COMMENT_TAG'>
            <value>
                <option name='FOREGROUND' value='effbff'/>
                <option name='FONT_TYPE' value='2'/>
                <option name='EFFECT_COLOR' value=''/>
                <option name='EFFECT_TYPE' value='1'/>
            </value>
        </option>
        <option name='DEFAULT_DOC_COMMENT_TAG_VALUE'>
            <value>
                <option name='FOREGROUND' value='e6e6e6'/>
            </value>
        </option>
        <option name='DEFAULT_DOC_MARKUP'>
            <value>
                <option name='FOREGROUND' value='effbff'/>
            </value>
        </option>
        <option name='DEFAULT_FUNCTION_CALL' baseAttributes='DEFAULT_IDENTIFIER'/>
        <option name='DEFAULT_FUNCTION_DECLARATION'>
            <value>
                <option name='FOREGROUND' value='effbff'/>
            </value>
        </option>
        <option name='DEFAULT_IDENTIFIER'>
            <value>
                <option name='FOREGROUND' value='95CC5E'/>
                <option name='EFFECT_TYPE' value='5'/>
            </value>
        </option>
        <option name='DEFAULT_INSTANCE_FIELD'>
            <value>
                <option name='FOREGROUND' value='8892a0'/>
            </value>
        </option>
        <option name='DEFAULT_INVALID_STRING_ESCAPE'>
            <value>
                <option name='FOREGROUND' value='FF75B5'/>
                <option name='EFFECT_COLOR' value='95CC5E'/>
                <option name='EFFECT_TYPE' value='2'/>
            </value>
        </option>
        <option name='DEFAULT_KEYWORD'>
            <value>
                <option name='FOREGROUND' value='267fb5'/>
            </value>
        </option>
        <option name='DEFAULT_LINE_COMMENT'>
            <value>
                <option name='FOREGROUND' value='516a88'/>
            </value>
        </option>
        <option name='DEFAULT_METADATA'>
            <value>
                <option name='FOREGROUND' value='7a9bc2'/>
            </value>
        </option>
        <option name='DEFAULT_NUMBER'>
            <value>
                <option name='FOREGROUND' value='6ee2ff'/>
            </value>
        </option>
        <option name='DEFAULT_OPERATION_SIGN'>
            <value>
                <option name='FOREGROUND' value='267fb5'/>
            </value>
        </option>
        <option name='DEFAULT_REASSIGNED_LOCAL_VARIABLE'>
            <value>
                <option name='FOREGROUND' value='e6e6e6'/>
            </value>
        </option>
        <option name='DEFAULT_REASSIGNED_PARAMETER'>
            <value>
                <option name='FOREGROUND' value='e6e6e6'/>
            </value>
        </option>
        <option name='DEFAULT_SEMICOLON'>
            <value>
                <option name='FOREGROUND' value='516a88'/>
                <option name='FONT_TYPE' value='1'/>
            </value>
        </option>
        <option name='DEFAULT_STATIC_FIELD'>
            <value>
                <option name='FOREGROUND' value='e6e6e6'/>
                <option name='FONT_TYPE' value='2'/>
            </value>
        </option>
        <option name='DEFAULT_STATIC_METHOD'>
            <value>
                <option name='FOREGROUND' value='effbff'/>
                <option name='FONT_TYPE' value='2'/>
            </value>
        </option>
        <option name='DEFAULT_STRING'>
            <value>
                <option name='FOREGROUND' value='6ee2ff'/>
            </value>
        </option>
        <option name='DEFAULT_TEMPLATE_LANGUAGE_COLOR' baseAttributes='TEXT'/>
        <option name='DEFAULT_VALID_STRING_ESCAPE'>
            <value>
                <option name='FOREGROUND' value='6ee2ff'/>
            </value>
        </option>
    </attributes>
</scheme>"
`;
